******************************************************************************
               TMS320C6x Linker PC v7.4.21                     
******************************************************************************
>> Linked Mon Nov 20 15:24:04 2017

OUTPUT FILE NAME:   <fir_b.out>
ENTRY POINT SYMBOL: "_c_int00"  address: 00001da0


MEMORY CONFIGURATION

         name            origin    length      used     unused   attr    fill
----------------------  --------  ---------  --------  --------  ----  --------
  IVECS                 00000000   00000220  00000200  00000020  RWIX
  IRAM                  00000220   0002fde0  0000381a  0002c5c6  RWIX
  SDRAM                 80000000   00100000  00000000  00100000  RWIX
  FLASH                 90000000   00020000  00000000  00020000  RWIX


SECTION ALLOCATION MAP

 output                                  attributes/
section   page    origin      length       input sections
--------  ----  ----------  ----------   ----------------
$BRID      0    00000000    0000018c     COPY SECTION
                  00000000    00000078     csl6713.lib : csl_irq.obj ($BRID)
                  00000078    0000007c                 : csl_mcbsp.obj ($BRID)
                  000000f4    00000054     dsk6713bsl.lib : dsk6713.obj ($BRID)
                  00000148    00000024                    : dsk6713_aic23_opencodec.obj ($BRID)
                  0000016c    00000014                    : dsk6713_aic23_registers.obj ($BRID)
                  00000180    0000000c                    : dsk6713_aic23_setfreq.obj ($BRID)

.vectors   0    00000000    00000200     
                  00000000    00000200     DSK_vectors_AIC23.obj (.vectors)

.bss       0    00000220    00000000     UNINITIALIZED

.text      0    00000220    00001e00     
                  00000220    00000480     fir_b.obj (.text:retain)
                  000006a0    00000460     dsk6713bsl.lib : dsk6713.obj (.text)
                  00000b00    00000300                    : dsk6713_aic23_opencodec.obj (.text)
                  00000e00    00000240     rts6700.lib : memcpy62.obj (.text:_memcpy)
                  00001040    000001e0     fir_b.obj (.text)
                  00001220    000001a0     csl6713.lib : csl_irq.obj (.text:_IRQ_map)
                  000013c0    00000180                 : csl_mcbsp.obj (.text:_MCBSP_reset)
                  00001540    00000140     rts6700.lib : exit.obj (.text:_exit)
                  00001680    00000140     dsk6713bsl.lib : dsk6713_aic23_registers.obj (.text)
                  000017c0    00000120     rts6700.lib : autoinit.obj (.text:__auto_init)
                  000018e0    00000100     csl6713.lib : csl_mcbsp.obj (.text:_MCBSP_start)
                  000019e0    000000e0                 : csl_mcbsp.obj (.text:_MCBSP_open)
                  00001ac0    000000e0     rts6700.lib : strasg.obj (.text:__strasg)
                  00001ba0    000000c0     dsk6713bsl.lib : dsk6713_aic23_setfreq.obj (.text)
                  00001c60    000000a0     csl6713.lib : csl_mcbsp.obj (.text:_MCBSP_config)
                  00001d00    000000a0                 : csl_irq.obj (.text:_setMux)
                  00001da0    00000080     rts6700.lib : boot.obj (.text:_c_int00)
                  00001e20    00000040     csl6713.lib : csl_irq.obj (.text:_IRQ_enable)
                  00001e60    00000040                 : csl_irq.obj (.text:_IRQ_reset)
                  00001ea0    00000040     rts6700.lib : args_main.obj (.text:__args_main)
                  00001ee0    00000020     csl6713.lib : csl_irq.obj (.text:_IRQ_globalDisable)
                  00001f00    00000020                 : csl_irq.obj (.text:_IRQ_globalEnable)
                  00001f20    00000020                 : csl_irq.obj (.text:_IRQ_nmiEnable)
                  00001f40    00000020                 : csl_irq.obj (.text:_IRQ_set)
                  00001f60    00000020                 : csl_mcbsp.obj (.text:_MCBSP_getXmtEventId)
                  00001f80    00000020                 : csl_mcbsp.obj (.text:_MCBSP_read)
                  00001fa0    00000020                 : csl_mcbsp.obj (.text:_MCBSP_write)
                  00001fc0    00000020     rts6700.lib : _lock.obj (.text:__nop)
                  00001fe0    00000020                 : exit.obj (.text:_abort)
                  00002000    00000020     csl6713.lib : csl_irq.obj (.text)

.far       0    00002020    000012ae     UNINITIALIZED
                  00002020    0000109c     fir_b.obj (.far)
                  000030bc    000000f4     csl6713.lib : csl_irq.obj (.far)
                  000031b0    0000008c     rts6700.lib : exit.obj (.far)
                  0000323c    00000038     csl6713.lib : csl_mcbsp.obj (.far)
                  00003274    00000028     dsk6713bsl.lib : dsk6713_aic23_registers.obj (.far)
                  0000329c    00000020                    : dsk6713_aic23_setfreq.obj (.far)
                  000032bc    00000008                    : dsk6713_aic23_opencodec.obj (.far)
                  000032c4    00000008     rts6700.lib : _lock.obj (.far)
                  000032cc    00000002     dsk6713bsl.lib : dsk6713.obj (.far)

.stack     0    000032d0    00000400     UNINITIALIZED
                  000032d0    00000008     rts6700.lib : boot.obj (.stack)
                  000032d8    000003f8     --HOLE--

.cinit     0    000036d0    0000030c     
                  000036d0    0000012c     csl6713.lib : csl_irq.obj (.cinit)
                  000037fc    00000004     --HOLE-- [fill = 0]
                  00003800    000000d2     fir_b.obj (.cinit)
                  000038d2    00000006     --HOLE-- [fill = 0]
                  000038d8    00000054     csl6713.lib : csl_mcbsp.obj (.cinit)
                  0000392c    00000004     --HOLE-- [fill = 0]
                  00003930    00000030     dsk6713bsl.lib : dsk6713_aic23_registers.obj (.cinit)
                  00003960    0000002c     rts6700.lib : exit.obj (.cinit)
                  0000398c    00000004     --HOLE-- [fill = 0]
                  00003990    00000028     dsk6713bsl.lib : dsk6713_aic23_setfreq.obj (.cinit)
                  000039b8    0000001c     rts6700.lib : _lock.obj (.cinit)
                  000039d4    00000004     --HOLE-- [fill = 0]
                  000039d8    00000004     (.pad.cinit) [fill = 0]

.const     0    000039dc    00000060     
                  000039dc    00000040     dsk6713bsl.lib : dsk6713_aic23_opencodec.obj (.const)
                  00003a1c    00000020                    : dsk6713.obj (.const)


GLOBAL SYMBOLS: SORTED ALPHABETICALLY BY Name 

address    name
--------   ----
00000220   $bss
00000220   .bss
00000220   .text
00000040   AINT_V
00001fe0   C$$EXIT
00000140   INT10_V
00000160   INT11_V
00000180   INT12_V
000001a0   INT13_V
000001c0   INT14_V
000001e0   INT15_V
00000060   INT3_V
00000080   INT4_V
000000a0   INT5_V
000000c0   INT6_V
000000e0   INT7_V
00000100   INT8_V
00000120   INT9_V
00000020   NMI_V
00000000   RESET_V
00002024   _AIC23CfgData
000030b8   _AIC23_data
00002020   _AIC_data
000032bc   _DSK6713_AIC23_codeccontrolhandle
000032c0   _DSK6713_AIC23_codecdatahandle
00001740   _DSK6713_AIC23_config
00000b00   _DSK6713_AIC23_openCodec
0000171c   _DSK6713_AIC23_rget
00001680   _DSK6713_AIC23_rset
00001ba0   _DSK6713_AIC23_setFreq
00000a78   _DSK6713_getVersion
000006d0   _DSK6713_init
000009d0   _DSK6713_rget
000009e4   _DSK6713_rset
000032cc   _DSK6713_version
000009f8   _DSK6713_wait
00000a4c   _DSK6713_waitusec
000020c0   _FIR_accu32_HP
000020bc   _FIR_accu32_TP
00001e20   _IRQ_enable
00001ee0   _IRQ_globalDisable
00001f00   _IRQ_globalEnable
00001220   _IRQ_map
00001f20   _IRQ_nmiEnable
00001e60   _IRQ_reset
00001f40   _IRQ_set
00001c60   _MCBSP_config
00001f60   _MCBSP_getXmtEventId
000019e0   _MCBSP_open
00001f80   _MCBSP_read
000013c0   _MCBSP_reset
000018e0   _MCBSP_start
00001fa0   _MCBSP_write
000031a8   __IRQ_dispatchTable
000030e4   __IRQ_eventTable
00002000   __IRQ_hookFetchPacket
00003168   __IRQ_intTable
0000326c   __MCBSP_hDev0
00003270   __MCBSP_hDev1
000036d0   __STACK_END
00000400   __STACK_SIZE
ffffffff   ___TI_pprof_out_hndl
ffffffff   ___TI_prof_data_size
ffffffff   ___TI_prof_data_start
ffffffff   ___binit__
00000220   ___bss__
ffffffff   ___c_args__
000036d0   ___cinit__
00000220   ___end__
00002020   ___etext__
ffffffff   ___pinit__
00000220   ___text__
00001ea0   __args_main
000017c0   __auto_init
00003234   __cleanup_ptr
00003238   __dtors_ptr
000032c4   __lock
00001fc0   __nop
000032d0   __stack
00001ac0   __strasg
000032c8   __unlock
00001fe0   _abort
00001da0   _c_int00
00002044   _config
000030b4   _count_INT
000020f0   _delays_HP
000020cc   _delays_TP
00001540   _exit
000020c4   _fs
0000206c   _hAIC23_handle
00002094   _h_HP
00002070   _h_TP
000020c8   _i
00002114   _inBuf_L
000028e4   _inBuf_R
00002112   _input_samples
00000220   _intser_McBSP1
00001040   _main
00000e00   _memcpy
ffffffff   binit
000036d0   cinit
00000220   end
00002020   etext
ffffffff   pinit


GLOBAL SYMBOLS: SORTED BY Symbol Address 

address    name
--------   ----
00000000   RESET_V
00000020   NMI_V
00000040   AINT_V
00000060   INT3_V
00000080   INT4_V
000000a0   INT5_V
000000c0   INT6_V
000000e0   INT7_V
00000100   INT8_V
00000120   INT9_V
00000140   INT10_V
00000160   INT11_V
00000180   INT12_V
000001a0   INT13_V
000001c0   INT14_V
000001e0   INT15_V
00000220   $bss
00000220   .bss
00000220   .text
00000220   ___bss__
00000220   ___end__
00000220   ___text__
00000220   _intser_McBSP1
00000220   end
00000400   __STACK_SIZE
000006d0   _DSK6713_init
000009d0   _DSK6713_rget
000009e4   _DSK6713_rset
000009f8   _DSK6713_wait
00000a4c   _DSK6713_waitusec
00000a78   _DSK6713_getVersion
00000b00   _DSK6713_AIC23_openCodec
00000e00   _memcpy
00001040   _main
00001220   _IRQ_map
000013c0   _MCBSP_reset
00001540   _exit
00001680   _DSK6713_AIC23_rset
0000171c   _DSK6713_AIC23_rget
00001740   _DSK6713_AIC23_config
000017c0   __auto_init
000018e0   _MCBSP_start
000019e0   _MCBSP_open
00001ac0   __strasg
00001ba0   _DSK6713_AIC23_setFreq
00001c60   _MCBSP_config
00001da0   _c_int00
00001e20   _IRQ_enable
00001e60   _IRQ_reset
00001ea0   __args_main
00001ee0   _IRQ_globalDisable
00001f00   _IRQ_globalEnable
00001f20   _IRQ_nmiEnable
00001f40   _IRQ_set
00001f60   _MCBSP_getXmtEventId
00001f80   _MCBSP_read
00001fa0   _MCBSP_write
00001fc0   __nop
00001fe0   C$$EXIT
00001fe0   _abort
00002000   __IRQ_hookFetchPacket
00002020   _AIC_data
00002020   ___etext__
00002020   etext
00002024   _AIC23CfgData
00002044   _config
0000206c   _hAIC23_handle
00002070   _h_TP
00002094   _h_HP
000020bc   _FIR_accu32_TP
000020c0   _FIR_accu32_HP
000020c4   _fs
000020c8   _i
000020cc   _delays_TP
000020f0   _delays_HP
00002112   _input_samples
00002114   _inBuf_L
000028e4   _inBuf_R
000030b4   _count_INT
000030b8   _AIC23_data
000030e4   __IRQ_eventTable
00003168   __IRQ_intTable
000031a8   __IRQ_dispatchTable
00003234   __cleanup_ptr
00003238   __dtors_ptr
0000326c   __MCBSP_hDev0
00003270   __MCBSP_hDev1
000032bc   _DSK6713_AIC23_codeccontrolhandle
000032c0   _DSK6713_AIC23_codecdatahandle
000032c4   __lock
000032c8   __unlock
000032cc   _DSK6713_version
000032d0   __stack
000036d0   __STACK_END
000036d0   ___cinit__
000036d0   cinit
ffffffff   ___TI_pprof_out_hndl
ffffffff   ___TI_prof_data_size
ffffffff   ___TI_prof_data_start
ffffffff   ___binit__
ffffffff   ___c_args__
ffffffff   ___pinit__
ffffffff   binit
ffffffff   pinit

[104 symbols]
