******************************************************************************
               TMS320C6x Linker PC v7.4.21                     
******************************************************************************
>> Linked Mon Nov 20 12:31:17 2017

OUTPUT FILE NAME:   <get_started.out>
ENTRY POINT SYMBOL: "_c_int00"  address: 00001b20


MEMORY CONFIGURATION

         name            origin    length      used     unused   attr    fill
----------------------  --------  ---------  --------  --------  ----  --------
  IVECS                 00000000   00000220  00000200  00000020  RWIX
  IRAM                  00000220   0002fde0  0000349e  0002c942  RWIX
  SDRAM                 80000000   00100000  00000000  00100000  RWIX
  FLASH                 90000000   00020000  00000000  00020000  RWIX


SECTION ALLOCATION MAP

 output                                  attributes/
section   page    origin      length       input sections
--------  ----  ----------  ----------   ----------------
$BRID      0    00000000    0000018c     COPY SECTION
                  00000000    00000078     csl6713.lib : csl_irq.obj ($BRID)
                  00000078    0000007c                 : csl_mcbsp.obj ($BRID)
                  000000f4    00000054     dsk6713bsl.lib : dsk6713.obj ($BRID)
                  00000148    00000024                    : dsk6713_aic23_opencodec.obj ($BRID)
                  0000016c    00000014                    : dsk6713_aic23_registers.obj ($BRID)
                  00000180    0000000c                    : dsk6713_aic23_setfreq.obj ($BRID)

.vectors   0    00000000    00000200     
                  00000000    00000200     DSK_vectors_AIC23.obj (.vectors)

.bss       0    00000220    00000000     UNINITIALIZED

.text      0    00000220    00001b80     
                  00000220    00000460     dsk6713bsl.lib : dsk6713.obj (.text)
                  00000680    00000300                    : dsk6713_aic23_opencodec.obj (.text)
                  00000980    00000240     rts6700.lib : memcpy62.obj (.text:_memcpy)
                  00000bc0    00000200     get_started.obj (.text:retain)
                  00000dc0    000001e0     get_started.obj (.text)
                  00000fa0    000001a0     csl6713.lib : csl_irq.obj (.text:_IRQ_map)
                  00001140    00000180                 : csl_mcbsp.obj (.text:_MCBSP_reset)
                  000012c0    00000140     rts6700.lib : exit.obj (.text:_exit)
                  00001400    00000140     dsk6713bsl.lib : dsk6713_aic23_registers.obj (.text)
                  00001540    00000120     rts6700.lib : autoinit.obj (.text:__auto_init)
                  00001660    00000100     csl6713.lib : csl_mcbsp.obj (.text:_MCBSP_start)
                  00001760    000000e0                 : csl_mcbsp.obj (.text:_MCBSP_open)
                  00001840    000000e0     rts6700.lib : strasg.obj (.text:__strasg)
                  00001920    000000c0     dsk6713bsl.lib : dsk6713_aic23_setfreq.obj (.text)
                  000019e0    000000a0     csl6713.lib : csl_mcbsp.obj (.text:_MCBSP_config)
                  00001a80    000000a0                 : csl_irq.obj (.text:_setMux)
                  00001b20    00000080     rts6700.lib : boot.obj (.text:_c_int00)
                  00001ba0    00000040     csl6713.lib : csl_irq.obj (.text:_IRQ_enable)
                  00001be0    00000040                 : csl_irq.obj (.text:_IRQ_reset)
                  00001c20    00000040     rts6700.lib : args_main.obj (.text:__args_main)
                  00001c60    00000020     csl6713.lib : csl_irq.obj (.text:_IRQ_globalDisable)
                  00001c80    00000020                 : csl_irq.obj (.text:_IRQ_globalEnable)
                  00001ca0    00000020                 : csl_irq.obj (.text:_IRQ_nmiEnable)
                  00001cc0    00000020                 : csl_irq.obj (.text:_IRQ_set)
                  00001ce0    00000020                 : csl_mcbsp.obj (.text:_MCBSP_getXmtEventId)
                  00001d00    00000020                 : csl_mcbsp.obj (.text:_MCBSP_read)
                  00001d20    00000020                 : csl_mcbsp.obj (.text:_MCBSP_write)
                  00001d40    00000020     rts6700.lib : _lock.obj (.text:__nop)
                  00001d60    00000020                 : exit.obj (.text:_abort)
                  00001d80    00000020     csl6713.lib : csl_irq.obj (.text)

.far       0    00001da0    00001212     UNINITIALIZED
                  00001da0    00001000     get_started.obj (.far)
                  00002da0    000000f4     csl6713.lib : csl_irq.obj (.far)
                  00002e94    0000008c     rts6700.lib : exit.obj (.far)
                  00002f20    00000038     csl6713.lib : csl_mcbsp.obj (.far)
                  00002f58    00000028     dsk6713bsl.lib : dsk6713_aic23_registers.obj (.far)
                  00002f80    00000020                    : dsk6713_aic23_setfreq.obj (.far)
                  00002fa0    00000008                    : dsk6713_aic23_opencodec.obj (.far)
                  00002fa8    00000008     rts6700.lib : _lock.obj (.far)
                  00002fb0    00000002     dsk6713bsl.lib : dsk6713.obj (.far)

.stack     0    00002fb8    00000400     UNINITIALIZED
                  00002fb8    00000008     rts6700.lib : boot.obj (.stack)
                  00002fc0    000003f8     --HOLE--

.cinit     0    000033b8    000002ac     
                  000033b8    0000012c     csl6713.lib : csl_irq.obj (.cinit)
                  000034e4    00000004     --HOLE-- [fill = 0]
                  000034e8    00000072     get_started.obj (.cinit)
                  0000355a    00000006     --HOLE-- [fill = 0]
                  00003560    00000054     csl6713.lib : csl_mcbsp.obj (.cinit)
                  000035b4    00000004     --HOLE-- [fill = 0]
                  000035b8    00000030     dsk6713bsl.lib : dsk6713_aic23_registers.obj (.cinit)
                  000035e8    0000002c     rts6700.lib : exit.obj (.cinit)
                  00003614    00000004     --HOLE-- [fill = 0]
                  00003618    00000028     dsk6713bsl.lib : dsk6713_aic23_setfreq.obj (.cinit)
                  00003640    0000001c     rts6700.lib : _lock.obj (.cinit)
                  0000365c    00000004     --HOLE-- [fill = 0]
                  00003660    00000004     (.pad.cinit) [fill = 0]

.const     0    00003664    00000060     
                  00003664    00000040     dsk6713bsl.lib : dsk6713_aic23_opencodec.obj (.const)
                  000036a4    00000020                    : dsk6713.obj (.const)


GLOBAL SYMBOLS: SORTED ALPHABETICALLY BY Name 

address    name
--------   ----
00000220   $bss
00000220   .bss
00000220   .text
00000040   AINT_V
00001d60   C$$EXIT
00000140   INT10_V
00000160   INT11_V
00000180   INT12_V
000001a0   INT13_V
000001c0   INT14_V
000001e0   INT15_V
00000060   INT3_V
00000080   INT4_V
000000a0   INT5_V
000000c0   INT6_V
000000e0   INT7_V
00000100   INT8_V
00000120   INT9_V
00000020   NMI_V
00000000   RESET_V
00001da4   _AIC23CfgData
00002d9c   _AIC23_data
00001da0   _AIC_data
00002fa0   _DSK6713_AIC23_codeccontrolhandle
00002fa4   _DSK6713_AIC23_codecdatahandle
000014c0   _DSK6713_AIC23_config
00000680   _DSK6713_AIC23_openCodec
0000149c   _DSK6713_AIC23_rget
00001400   _DSK6713_AIC23_rset
00001920   _DSK6713_AIC23_setFreq
000005f8   _DSK6713_getVersion
00000250   _DSK6713_init
00000550   _DSK6713_rget
00000564   _DSK6713_rset
00002fb0   _DSK6713_version
00000578   _DSK6713_wait
000005cc   _DSK6713_waitusec
00001ba0   _IRQ_enable
00001c60   _IRQ_globalDisable
00001c80   _IRQ_globalEnable
00000fa0   _IRQ_map
00001ca0   _IRQ_nmiEnable
00001be0   _IRQ_reset
00001cc0   _IRQ_set
000019e0   _MCBSP_config
00001ce0   _MCBSP_getXmtEventId
00001760   _MCBSP_open
00001d00   _MCBSP_read
00001140   _MCBSP_reset
00001660   _MCBSP_start
00001d20   _MCBSP_write
00002e8c   __IRQ_dispatchTable
00002dc8   __IRQ_eventTable
00001d80   __IRQ_hookFetchPacket
00002e4c   __IRQ_intTable
00002f50   __MCBSP_hDev0
00002f54   __MCBSP_hDev1
000033b8   __STACK_END
00000400   __STACK_SIZE
ffffffff   ___TI_pprof_out_hndl
ffffffff   ___TI_prof_data_size
ffffffff   ___TI_prof_data_start
ffffffff   ___binit__
00000220   ___bss__
ffffffff   ___c_args__
000033b8   ___cinit__
00000220   ___end__
00001da0   ___etext__
ffffffff   ___pinit__
00000220   ___text__
00001c20   __args_main
00001540   __auto_init
00002f18   __cleanup_ptr
00002f1c   __dtors_ptr
00002fa8   __lock
00001d40   __nop
00002fb8   __stack
00001840   __strasg
00002fac   __unlock
00001d60   _abort
00001b20   _c_int00
00001dc4   _config
00002d98   _count_INT
000012c0   _exit
00001df4   _fs
00001dec   _hAIC23_handle
00001df8   _inBuf_L
000025c8   _inBuf_R
00000bc0   _intser_McBSP1
00000dc0   _main
00000980   _memcpy
ffffffff   binit
000033b8   cinit
00000220   end
00001da0   etext
ffffffff   pinit


GLOBAL SYMBOLS: SORTED BY Symbol Address 

address    name
--------   ----
00000000   RESET_V
00000020   NMI_V
00000040   AINT_V
00000060   INT3_V
00000080   INT4_V
000000a0   INT5_V
000000c0   INT6_V
000000e0   INT7_V
00000100   INT8_V
00000120   INT9_V
00000140   INT10_V
00000160   INT11_V
00000180   INT12_V
000001a0   INT13_V
000001c0   INT14_V
000001e0   INT15_V
00000220   $bss
00000220   .bss
00000220   .text
00000220   ___bss__
00000220   ___end__
00000220   ___text__
00000220   end
00000250   _DSK6713_init
00000400   __STACK_SIZE
00000550   _DSK6713_rget
00000564   _DSK6713_rset
00000578   _DSK6713_wait
000005cc   _DSK6713_waitusec
000005f8   _DSK6713_getVersion
00000680   _DSK6713_AIC23_openCodec
00000980   _memcpy
00000bc0   _intser_McBSP1
00000dc0   _main
00000fa0   _IRQ_map
00001140   _MCBSP_reset
000012c0   _exit
00001400   _DSK6713_AIC23_rset
0000149c   _DSK6713_AIC23_rget
000014c0   _DSK6713_AIC23_config
00001540   __auto_init
00001660   _MCBSP_start
00001760   _MCBSP_open
00001840   __strasg
00001920   _DSK6713_AIC23_setFreq
000019e0   _MCBSP_config
00001b20   _c_int00
00001ba0   _IRQ_enable
00001be0   _IRQ_reset
00001c20   __args_main
00001c60   _IRQ_globalDisable
00001c80   _IRQ_globalEnable
00001ca0   _IRQ_nmiEnable
00001cc0   _IRQ_set
00001ce0   _MCBSP_getXmtEventId
00001d00   _MCBSP_read
00001d20   _MCBSP_write
00001d40   __nop
00001d60   C$$EXIT
00001d60   _abort
00001d80   __IRQ_hookFetchPacket
00001da0   _AIC_data
00001da0   ___etext__
00001da0   etext
00001da4   _AIC23CfgData
00001dc4   _config
00001dec   _hAIC23_handle
00001df4   _fs
00001df8   _inBuf_L
000025c8   _inBuf_R
00002d98   _count_INT
00002d9c   _AIC23_data
00002dc8   __IRQ_eventTable
00002e4c   __IRQ_intTable
00002e8c   __IRQ_dispatchTable
00002f18   __cleanup_ptr
00002f1c   __dtors_ptr
00002f50   __MCBSP_hDev0
00002f54   __MCBSP_hDev1
00002fa0   _DSK6713_AIC23_codeccontrolhandle
00002fa4   _DSK6713_AIC23_codecdatahandle
00002fa8   __lock
00002fac   __unlock
00002fb0   _DSK6713_version
00002fb8   __stack
000033b8   __STACK_END
000033b8   ___cinit__
000033b8   cinit
ffffffff   ___TI_pprof_out_hndl
ffffffff   ___TI_prof_data_size
ffffffff   ___TI_prof_data_start
ffffffff   ___binit__
ffffffff   ___c_args__
ffffffff   ___pinit__
ffffffff   binit
ffffffff   pinit

[96 symbols]
