******************************************************************************
               TMS320C6x Linker PC v7.4.21                     
******************************************************************************
>> Linked Mon Nov 20 15:21:02 2017

OUTPUT FILE NAME:   <fir_a.out>
ENTRY POINT SYMBOL: "_c_int00"  address: 00001c20


MEMORY CONFIGURATION

         name            origin    length      used     unused   attr    fill
----------------------  --------  ---------  --------  --------  ----  --------
  IVECS                 00000000   00000220  00000200  00000020  RWIX
  IRAM                  00000220   0002fde0  00003622  0002c7be  RWIX
  SDRAM                 80000000   00100000  00000000  00100000  RWIX
  FLASH                 90000000   00020000  00000000  00020000  RWIX


SECTION ALLOCATION MAP

 output                                  attributes/
section   page    origin      length       input sections
--------  ----  ----------  ----------   ----------------
$BRID      0    00000000    0000018c     COPY SECTION
                  00000000    00000078     csl6713.lib : csl_irq.obj ($BRID)
                  00000078    0000007c                 : csl_mcbsp.obj ($BRID)
                  000000f4    00000054     dsk6713bsl.lib : dsk6713.obj ($BRID)
                  00000148    00000024                    : dsk6713_aic23_opencodec.obj ($BRID)
                  0000016c    00000014                    : dsk6713_aic23_registers.obj ($BRID)
                  00000180    0000000c                    : dsk6713_aic23_setfreq.obj ($BRID)

.vectors   0    00000000    00000200     
                  00000000    00000200     DSK_vectors_AIC23.obj (.vectors)

.bss       0    00000220    00000000     UNINITIALIZED

.text      0    00000220    00001c80     
                  00000220    00000460     dsk6713bsl.lib : dsk6713.obj (.text)
                  00000680    00000300                    : dsk6713_aic23_opencodec.obj (.text)
                  00000980    00000300     fir_a.obj (.text:retain)
                  00000c80    00000240     rts6700.lib : memcpy62.obj (.text:_memcpy)
                  00000ec0    000001e0     fir_a.obj (.text)
                  000010a0    000001a0     csl6713.lib : csl_irq.obj (.text:_IRQ_map)
                  00001240    00000180                 : csl_mcbsp.obj (.text:_MCBSP_reset)
                  000013c0    00000140     rts6700.lib : exit.obj (.text:_exit)
                  00001500    00000140     dsk6713bsl.lib : dsk6713_aic23_registers.obj (.text)
                  00001640    00000120     rts6700.lib : autoinit.obj (.text:__auto_init)
                  00001760    00000100     csl6713.lib : csl_mcbsp.obj (.text:_MCBSP_start)
                  00001860    000000e0                 : csl_mcbsp.obj (.text:_MCBSP_open)
                  00001940    000000e0     rts6700.lib : strasg.obj (.text:__strasg)
                  00001a20    000000c0     dsk6713bsl.lib : dsk6713_aic23_setfreq.obj (.text)
                  00001ae0    000000a0     csl6713.lib : csl_mcbsp.obj (.text:_MCBSP_config)
                  00001b80    000000a0                 : csl_irq.obj (.text:_setMux)
                  00001c20    00000080     rts6700.lib : boot.obj (.text:_c_int00)
                  00001ca0    00000040     csl6713.lib : csl_irq.obj (.text:_IRQ_enable)
                  00001ce0    00000040                 : csl_irq.obj (.text:_IRQ_reset)
                  00001d20    00000040     rts6700.lib : args_main.obj (.text:__args_main)
                  00001d60    00000020     csl6713.lib : csl_irq.obj (.text:_IRQ_globalDisable)
                  00001d80    00000020                 : csl_irq.obj (.text:_IRQ_globalEnable)
                  00001da0    00000020                 : csl_irq.obj (.text:_IRQ_nmiEnable)
                  00001dc0    00000020                 : csl_irq.obj (.text:_IRQ_set)
                  00001de0    00000020                 : csl_mcbsp.obj (.text:_MCBSP_getXmtEventId)
                  00001e00    00000020                 : csl_mcbsp.obj (.text:_MCBSP_read)
                  00001e20    00000020                 : csl_mcbsp.obj (.text:_MCBSP_write)
                  00001e40    00000020     rts6700.lib : _lock.obj (.text:__nop)
                  00001e60    00000020                 : exit.obj (.text:_abort)
                  00001e80    00000020     csl6713.lib : csl_irq.obj (.text)

.far       0    00001ea0    00001266     UNINITIALIZED
                  00001ea0    00001054     fir_a.obj (.far)
                  00002ef4    000000f4     csl6713.lib : csl_irq.obj (.far)
                  00002fe8    0000008c     rts6700.lib : exit.obj (.far)
                  00003074    00000038     csl6713.lib : csl_mcbsp.obj (.far)
                  000030ac    00000028     dsk6713bsl.lib : dsk6713_aic23_registers.obj (.far)
                  000030d4    00000020                    : dsk6713_aic23_setfreq.obj (.far)
                  000030f4    00000008                    : dsk6713_aic23_opencodec.obj (.far)
                  000030fc    00000008     rts6700.lib : _lock.obj (.far)
                  00003104    00000002     dsk6713bsl.lib : dsk6713.obj (.far)

.stack     0    00003108    00000400     UNINITIALIZED
                  00003108    00000008     rts6700.lib : boot.obj (.stack)
                  00003110    000003f8     --HOLE--

.cinit     0    00003508    000002dc     
                  00003508    0000012c     csl6713.lib : csl_irq.obj (.cinit)
                  00003634    00000004     --HOLE-- [fill = 0]
                  00003638    000000a2     fir_a.obj (.cinit)
                  000036da    00000006     --HOLE-- [fill = 0]
                  000036e0    00000054     csl6713.lib : csl_mcbsp.obj (.cinit)
                  00003734    00000004     --HOLE-- [fill = 0]
                  00003738    00000030     dsk6713bsl.lib : dsk6713_aic23_registers.obj (.cinit)
                  00003768    0000002c     rts6700.lib : exit.obj (.cinit)
                  00003794    00000004     --HOLE-- [fill = 0]
                  00003798    00000028     dsk6713bsl.lib : dsk6713_aic23_setfreq.obj (.cinit)
                  000037c0    0000001c     rts6700.lib : _lock.obj (.cinit)
                  000037dc    00000004     --HOLE-- [fill = 0]
                  000037e0    00000004     (.pad.cinit) [fill = 0]

.const     0    000037e4    00000060     
                  000037e4    00000040     dsk6713bsl.lib : dsk6713_aic23_opencodec.obj (.const)
                  00003824    00000020                    : dsk6713.obj (.const)


GLOBAL SYMBOLS: SORTED ALPHABETICALLY BY Name 

address    name
--------   ----
00000220   $bss
00000220   .bss
00000220   .text
00000040   AINT_V
00001e60   C$$EXIT
00000140   INT10_V
00000160   INT11_V
00000180   INT12_V
000001a0   INT13_V
000001c0   INT14_V
000001e0   INT15_V
00000060   INT3_V
00000080   INT4_V
000000a0   INT5_V
000000c0   INT6_V
000000e0   INT7_V
00000100   INT8_V
00000120   INT9_V
00000020   NMI_V
00000000   RESET_V
00001ea4   _AIC23CfgData
00002ef0   _AIC23_data
00001ea0   _AIC_data
000030f4   _DSK6713_AIC23_codeccontrolhandle
000030f8   _DSK6713_AIC23_codecdatahandle
000015c0   _DSK6713_AIC23_config
00000680   _DSK6713_AIC23_openCodec
0000159c   _DSK6713_AIC23_rget
00001500   _DSK6713_AIC23_rset
00001a20   _DSK6713_AIC23_setFreq
000005f8   _DSK6713_getVersion
00000250   _DSK6713_init
00000550   _DSK6713_rget
00000564   _DSK6713_rset
00003104   _DSK6713_version
00000578   _DSK6713_wait
000005cc   _DSK6713_waitusec
00001f1c   _FIR_accu32_HP
00001f18   _FIR_accu32_TP
00001ca0   _IRQ_enable
00001d60   _IRQ_globalDisable
00001d80   _IRQ_globalEnable
000010a0   _IRQ_map
00001da0   _IRQ_nmiEnable
00001ce0   _IRQ_reset
00001dc0   _IRQ_set
00001ae0   _MCBSP_config
00001de0   _MCBSP_getXmtEventId
00001860   _MCBSP_open
00001e00   _MCBSP_read
00001240   _MCBSP_reset
00001760   _MCBSP_start
00001e20   _MCBSP_write
00002fe0   __IRQ_dispatchTable
00002f1c   __IRQ_eventTable
00001e80   __IRQ_hookFetchPacket
00002fa0   __IRQ_intTable
000030a4   __MCBSP_hDev0
000030a8   __MCBSP_hDev1
00003508   __STACK_END
00000400   __STACK_SIZE
ffffffff   ___TI_pprof_out_hndl
ffffffff   ___TI_prof_data_size
ffffffff   ___TI_prof_data_start
ffffffff   ___binit__
00000220   ___bss__
ffffffff   ___c_args__
00003508   ___cinit__
00000220   ___end__
00001ea0   ___etext__
ffffffff   ___pinit__
00000220   ___text__
00001d20   __args_main
00001640   __auto_init
0000306c   __cleanup_ptr
00003070   __dtors_ptr
000030fc   __lock
00001e40   __nop
00003108   __stack
00001940   __strasg
00003100   __unlock
00001e60   _abort
00001c20   _c_int00
00001ec4   _config
00002eec   _count_INT
00001f28   _delays
000013c0   _exit
00001f20   _fs
00001eec   _hAIC23_handle
00001ef0   _h_TP
00001f24   _i
00001f4c   _inBuf_L
0000271c   _inBuf_R
00001f4a   _input_samples
00000980   _intser_McBSP1
00000ec0   _main
00000c80   _memcpy
ffffffff   binit
00003508   cinit
00000220   end
00001ea0   etext
ffffffff   pinit


GLOBAL SYMBOLS: SORTED BY Symbol Address 

address    name
--------   ----
00000000   RESET_V
00000020   NMI_V
00000040   AINT_V
00000060   INT3_V
00000080   INT4_V
000000a0   INT5_V
000000c0   INT6_V
000000e0   INT7_V
00000100   INT8_V
00000120   INT9_V
00000140   INT10_V
00000160   INT11_V
00000180   INT12_V
000001a0   INT13_V
000001c0   INT14_V
000001e0   INT15_V
00000220   $bss
00000220   .bss
00000220   .text
00000220   ___bss__
00000220   ___end__
00000220   ___text__
00000220   end
00000250   _DSK6713_init
00000400   __STACK_SIZE
00000550   _DSK6713_rget
00000564   _DSK6713_rset
00000578   _DSK6713_wait
000005cc   _DSK6713_waitusec
000005f8   _DSK6713_getVersion
00000680   _DSK6713_AIC23_openCodec
00000980   _intser_McBSP1
00000c80   _memcpy
00000ec0   _main
000010a0   _IRQ_map
00001240   _MCBSP_reset
000013c0   _exit
00001500   _DSK6713_AIC23_rset
0000159c   _DSK6713_AIC23_rget
000015c0   _DSK6713_AIC23_config
00001640   __auto_init
00001760   _MCBSP_start
00001860   _MCBSP_open
00001940   __strasg
00001a20   _DSK6713_AIC23_setFreq
00001ae0   _MCBSP_config
00001c20   _c_int00
00001ca0   _IRQ_enable
00001ce0   _IRQ_reset
00001d20   __args_main
00001d60   _IRQ_globalDisable
00001d80   _IRQ_globalEnable
00001da0   _IRQ_nmiEnable
00001dc0   _IRQ_set
00001de0   _MCBSP_getXmtEventId
00001e00   _MCBSP_read
00001e20   _MCBSP_write
00001e40   __nop
00001e60   C$$EXIT
00001e60   _abort
00001e80   __IRQ_hookFetchPacket
00001ea0   _AIC_data
00001ea0   ___etext__
00001ea0   etext
00001ea4   _AIC23CfgData
00001ec4   _config
00001eec   _hAIC23_handle
00001ef0   _h_TP
00001f18   _FIR_accu32_TP
00001f1c   _FIR_accu32_HP
00001f20   _fs
00001f24   _i
00001f28   _delays
00001f4a   _input_samples
00001f4c   _inBuf_L
0000271c   _inBuf_R
00002eec   _count_INT
00002ef0   _AIC23_data
00002f1c   __IRQ_eventTable
00002fa0   __IRQ_intTable
00002fe0   __IRQ_dispatchTable
0000306c   __cleanup_ptr
00003070   __dtors_ptr
000030a4   __MCBSP_hDev0
000030a8   __MCBSP_hDev1
000030f4   _DSK6713_AIC23_codeccontrolhandle
000030f8   _DSK6713_AIC23_codecdatahandle
000030fc   __lock
00003100   __unlock
00003104   _DSK6713_version
00003108   __stack
00003508   __STACK_END
00003508   ___cinit__
00003508   cinit
ffffffff   ___TI_pprof_out_hndl
ffffffff   ___TI_prof_data_size
ffffffff   ___TI_prof_data_start
ffffffff   ___binit__
ffffffff   ___c_args__
ffffffff   ___pinit__
ffffffff   binit
ffffffff   pinit

[102 symbols]
